../Core/Src/main.c:92:5:main	8	static
../Core/Src/main.c:155:6:SystemClock_Config	88	static
../Core/Src/main.c:202:13:MX_ADC1_Init	24	static
../Core/Src/main.c:254:13:MX_TIM2_Init	32	static
../Core/Src/main.c:299:13:MX_TIM3_Init	32	static
../Core/Src/main.c:344:13:MX_TIM4_Init	32	static
../Core/Src/main.c:387:13:MX_DMA_Init	16	static
../Core/Src/main.c:405:13:MX_GPIO_Init	48	static
../Core/Src/main.c:437:6:run	528	static
../Core/Src/main.c:457:6:run_while	32	static
../Core/Src/main.c:567:6:fft	24	static
../Core/Src/main.c:573:6:compute	56	static
../Core/Src/main.c:621:9:argmax_fft	48	static
../Core/Src/main.c:649:6:Error_Handler	4	static,ignoring_inline_asm
